motor.c:8:6:initMotors	16	static
motor.c:22:6:moveMotors	8	static
motor.c:65:6:moveForwards	8	static
motor.c:85:6:moveBackwards	8	static
motor.c:105:6:moveLeftMotors	8	static
motor.c:116:6:moveRightMotors	8	static
motor.c:128:6:turnRight	8	static
motor.c:146:6:turnLeft	8	static
motor.c:164:6:stopMotors	8	static
motor.c:183:6:stopLeftMotors	8	static
motor.c:194:6:stopRightMotors	8	static
motor.c:205:6:slowLeftMotors	4	static
motor.c:214:6:slowRightMotors	4	static
motor.c:223:6:regularLeftMotors	4	static
motor.c:232:6:regularRightMotors	4	static
motor.c:241:6:speedLeftMotors	4	static
motor.c:250:6:speedRightMotors	4	static
